Compiling the CXX compiler identification source file "CMakeCXXCompilerId.cpp" failed.
Compiler: C:/Users/timbe/AppData/Local/Android/Sdk/ndk/28.2.13676358/toolchains/llvm/prebuilt/windows-x86_64/bin/clang++.exe 
Build flags: -g;-DANDROID;-fdata-sections;-ffunction-sections;-funwind-tables;-fstack-protector-strong;-no-canonical-prefixes;-D_FORTIFY_SOURCE=2;-Wformat;-Werror=format-security;;-std=c++23;-O3;-flto;-march=armv8-a+simd
Id flags: -c;--target=x86_64-none-linux-android26 

The output was:
1
error: unknown target CPU 'armv8-a+simd'
note: valid target CPU values are: nocona, core2, penryn, bonnell, atom, silvermont, slm, goldmont, goldmont-plus, tremont, nehalem, corei7, westmere, sandybridge, corei7-avx, ivybridge, core-avx-i, haswell, core-avx2, broadwell, skylake, skylake-avx512, skx, cascadelake, cooperlake, cannonlake, icelake-client, rocketlake, icelake-server, tigerlake, sapphirerapids, alderlake, raptorlake, meteorlake, arrowlake, arrowlake-s, lunarlake, gracemont, pantherlake, sierraforest, grandridge, graniterapids, graniterapids-d, emeraldrapids, clearwaterforest, knl, knm, k8, athlon64, athlon-fx, opteron, k8-sse3, athlon64-sse3, opteron-sse3, amdfam10, barcelona, btver1, btver2, bdver1, bdver2, bdver3, bdver4, znver1, znver2, znver3, znver4, x86-64, x86-64-v2, x86-64-v3, x86-64-v4


Compiling the CXX compiler identification source file "CMakeCXXCompilerId.cpp" failed.
Compiler: C:/Users/timbe/AppData/Local/Android/Sdk/ndk/28.2.13676358/toolchains/llvm/prebuilt/windows-x86_64/bin/clang++.exe 
Build flags: -g;-DANDROID;-fdata-sections;-ffunction-sections;-funwind-tables;-fstack-protector-strong;-no-canonical-prefixes;-D_FORTIFY_SOURCE=2;-Wformat;-Werror=format-security;;-std=c++23;-O3;-flto;-march=armv8-a+simd
Id flags:  

The output was:
1
error: unknown target CPU 'armv8-a+simd'
note: valid target CPU values are: nocona, core2, penryn, bonnell, atom, silvermont, slm, goldmont, goldmont-plus, tremont, nehalem, corei7, westmere, sandybridge, corei7-avx, ivybridge, core-avx-i, haswell, core-avx2, broadwell, skylake, skylake-avx512, skx, cascadelake, cooperlake, cannonlake, icelake-client, rocketlake, icelake-server, tigerlake, sapphirerapids, alderlake, raptorlake, meteorlake, arrowlake, arrowlake-s, lunarlake, gracemont, pantherlake, sierraforest, grandridge, graniterapids, graniterapids-d, emeraldrapids, clearwaterforest, knl, knm, k8, athlon64, athlon-fx, opteron, k8-sse3, athlon64-sse3, opteron-sse3, amdfam10, barcelona, btver1, btver2, bdver1, bdver2, bdver3, bdver4, znver1, znver2, znver3, znver4, x86-64, x86-64-v2, x86-64-v3, x86-64-v4


Compiling the CXX compiler identification source file "CMakeCXXCompilerId.cpp" failed.
Compiler: C:/Users/timbe/AppData/Local/Android/Sdk/ndk/28.2.13676358/toolchains/llvm/prebuilt/windows-x86_64/bin/clang++.exe 
Build flags: -g;-DANDROID;-fdata-sections;-ffunction-sections;-funwind-tables;-fstack-protector-strong;-no-canonical-prefixes;-D_FORTIFY_SOURCE=2;-Wformat;-Werror=format-security;;-std=c++23;-O3;-flto;-march=armv8-a+simd
Id flags: -c 

The output was:
1
error: unknown target CPU 'armv8-a+simd'
note: valid target CPU values are: nocona, core2, penryn, bonnell, atom, silvermont, slm, goldmont, goldmont-plus, tremont, nehalem, corei7, westmere, sandybridge, corei7-avx, ivybridge, core-avx-i, haswell, core-avx2, broadwell, skylake, skylake-avx512, skx, cascadelake, cooperlake, cannonlake, icelake-client, rocketlake, icelake-server, tigerlake, sapphirerapids, alderlake, raptorlake, meteorlake, arrowlake, arrowlake-s, lunarlake, gracemont, pantherlake, sierraforest, grandridge, graniterapids, graniterapids-d, emeraldrapids, clearwaterforest, knl, knm, k8, athlon64, athlon-fx, opteron, k8-sse3, athlon64-sse3, opteron-sse3, amdfam10, barcelona, btver1, btver2, bdver1, bdver2, bdver3, bdver4, znver1, znver2, znver3, znver4, x86-64, x86-64-v2, x86-64-v3, x86-64-v4


Compiling the CXX compiler identification source file "CMakeCXXCompilerId.cpp" failed.
Compiler: C:/Users/timbe/AppData/Local/Android/Sdk/ndk/28.2.13676358/toolchains/llvm/prebuilt/windows-x86_64/bin/clang++.exe 
Build flags: -g;-DANDROID;-fdata-sections;-ffunction-sections;-funwind-tables;-fstack-protector-strong;-no-canonical-prefixes;-D_FORTIFY_SOURCE=2;-Wformat;-Werror=format-security;;-std=c++23;-O3;-flto;-march=armv8-a+simd
Id flags: --c++ 

The output was:
1
clang++: error: unknown argument: '--c++'


Compiling the CXX compiler identification source file "CMakeCXXCompilerId.cpp" failed.
Compiler: C:/Users/timbe/AppData/Local/Android/Sdk/ndk/28.2.13676358/toolchains/llvm/prebuilt/windows-x86_64/bin/clang++.exe 
Build flags: -g;-DANDROID;-fdata-sections;-ffunction-sections;-funwind-tables;-fstack-protector-strong;-no-canonical-prefixes;-D_FORTIFY_SOURCE=2;-Wformat;-Werror=format-security;;-std=c++23;-O3;-flto;-march=armv8-a+simd
Id flags: --ec++ 

The output was:
1
clang++: error: unknown argument: '--ec++'


Compiling the CXX compiler identification source file "CMakeCXXCompilerId.cpp" failed.
Compiler: C:/Users/timbe/AppData/Local/Android/Sdk/ndk/28.2.13676358/toolchains/llvm/prebuilt/windows-x86_64/bin/clang++.exe 
Build flags: -g;-DANDROID;-fdata-sections;-ffunction-sections;-funwind-tables;-fstack-protector-strong;-no-canonical-prefixes;-D_FORTIFY_SOURCE=2;-Wformat;-Werror=format-security;;-std=c++23;-O3;-flto;-march=armv8-a+simd
Id flags: --target=arm-arm-none-eabi;-mcpu=cortex-m3 

The output was:
1
clang++: error: unsupported argument 'armv8-a+simd' to option '-march='


Compiling the CXX compiler identification source file "CMakeCXXCompilerId.cpp" failed.
Compiler: C:/Users/timbe/AppData/Local/Android/Sdk/ndk/28.2.13676358/toolchains/llvm/prebuilt/windows-x86_64/bin/clang++.exe 
Build flags: -g;-DANDROID;-fdata-sections;-ffunction-sections;-funwind-tables;-fstack-protector-strong;-no-canonical-prefixes;-D_FORTIFY_SOURCE=2;-Wformat;-Werror=format-security;;-std=c++23;-O3;-flto;-march=armv8-a+simd
Id flags: -c;-I__does_not_exist__ 

The output was:
1
error: unknown target CPU 'armv8-a+simd'
note: valid target CPU values are: nocona, core2, penryn, bonnell, atom, silvermont, slm, goldmont, goldmont-plus, tremont, nehalem, corei7, westmere, sandybridge, corei7-avx, ivybridge, core-avx-i, haswell, core-avx2, broadwell, skylake, skylake-avx512, skx, cascadelake, cooperlake, cannonlake, icelake-client, rocketlake, icelake-server, tigerlake, sapphirerapids, alderlake, raptorlake, meteorlake, arrowlake, arrowlake-s, lunarlake, gracemont, pantherlake, sierraforest, grandridge, graniterapids, graniterapids-d, emeraldrapids, clearwaterforest, knl, knm, k8, athlon64, athlon-fx, opteron, k8-sse3, athlon64-sse3, opteron-sse3, amdfam10, barcelona, btver1, btver2, bdver1, bdver2, bdver3, bdver4, znver1, znver2, znver3, znver4, x86-64, x86-64-v2, x86-64-v3, x86-64-v4


Detecting CXX compiler ABI info failed to compile with the following output:
Change Dir: C:/zerocopy-infer/android/AndroidProject/app/.cxx/Debug/20h1373m/x86_64/CMakeFiles/CMakeTmp

Run Build Command(s):C:\Users\timbe\AppData\Local\Android\Sdk\cmake\3.22.1\bin\ninja.exe cmTC_7e342 && [1/2] Building CXX object CMakeFiles/cmTC_7e342.dir/CMakeCXXCompilerABI.cpp.o
FAILED: CMakeFiles/cmTC_7e342.dir/CMakeCXXCompilerABI.cpp.o 
C:\Users\timbe\AppData\Local\Android\Sdk\ndk\28.2.13676358\toolchains\llvm\prebuilt\windows-x86_64\bin\clang++.exe --target=x86_64-none-linux-android26 --sysroot=C:/Users/timbe/AppData/Local/Android/Sdk/ndk/28.2.13676358/toolchains/llvm/prebuilt/windows-x86_64/sysroot   -g -DANDROID -fdata-sections -ffunction-sections -funwind-tables -fstack-protector-strong -no-canonical-prefixes -D_FORTIFY_SOURCE=2 -Wformat  -std=c++23 -O3 -flto -march=armv8-a+simd  -fPIE   -v -MD -MT CMakeFiles/cmTC_7e342.dir/CMakeCXXCompilerABI.cpp.o -MF CMakeFiles\cmTC_7e342.dir\CMakeCXXCompilerABI.cpp.o.d -o CMakeFiles/cmTC_7e342.dir/CMakeCXXCompilerABI.cpp.o -c C:/Users/timbe/AppData/Local/Android/Sdk/cmake/3.22.1/share/cmake-3.22/Modules/CMakeCXXCompilerABI.cpp
Android (13624864, based on r530567e) clang version 19.0.1 (https://android.googlesource.com/toolchain/llvm-project 97a699bf4812a18fb657c2779f5296a4ab2694d2)
Target: x86_64-none-linux-android26
Thread model: posix
InstalledDir: C:/Users/timbe/AppData/Local/Android/Sdk/ndk/28.2.13676358/toolchains/llvm/prebuilt/windows-x86_64/bin
Found HIP installation: C:\Program Files\AMD\ROCm\7.1\, version 7.1.51803
 (in-process)
 "C:/Users/timbe/AppData/Local/Android/Sdk/ndk/28.2.13676358/toolchains/llvm/prebuilt/windows-x86_64/bin/clang++.exe" -cc1 -triple x86_64-none-linux-android26 -emit-llvm-bc -flto=full -flto-unit -disable-free -clear-ast-before-backend -disable-llvm-verifier -discard-value-names -main-file-name CMakeCXXCompilerABI.cpp -mrelocation-model pic -pic-level 2 -pic-is-pie -mframe-pointer=non-leaf -ffp-contract=on -fno-rounding-math -mconstructor-aliases -funwind-tables=2 -target-cpu armv8-a+simd -target-feature +sse4.2 -target-feature +popcnt -target-feature +cx16 -debug-info-kind=constructor -dwarf-version=4 -debugger-tuning=gdb -fdebug-compilation-dir=C:/zerocopy-infer/android/AndroidProject/app/.cxx/Debug/20h1373m/x86_64/CMakeFiles/CMakeTmp -v -ffunction-sections -fdata-sections -fcoverage-compilation-dir=C:/zerocopy-infer/android/AndroidProject/app/.cxx/Debug/20h1373m/x86_64/CMakeFiles/CMakeTmp -resource-dir C:/Users/timbe/AppData/Local/Android/Sdk/ndk/28.2.13676358/toolchains/llvm/prebuilt/windows-x86_64/lib/clang/19 -dependency-file "CMakeFiles\\cmTC_7e342.dir\\CMakeCXXCompilerABI.cpp.o.d" -MT CMakeFiles/cmTC_7e342.dir/CMakeCXXCompilerABI.cpp.o -sys-header-deps -D ANDROID -D _FORTIFY_SOURCE=2 -isysroot C:/Users/timbe/AppData/Local/Android/Sdk/ndk/28.2.13676358/toolchains/llvm/prebuilt/windows-x86_64/sysroot -internal-isystem C:/Users/timbe/AppData/Local/Android/Sdk/ndk/28.2.13676358/toolchains/llvm/prebuilt/windows-x86_64/sysroot/usr/include/c++/v1 -internal-isystem C:/Users/timbe/AppData/Local/Android/Sdk/ndk/28.2.13676358/toolchains/llvm/prebuilt/windows-x86_64/lib/clang/19/include -internal-isystem C:/Users/timbe/AppData/Local/Android/Sdk/ndk/28.2.13676358/toolchains/llvm/prebuilt/windows-x86_64/sysroot/usr/local/include -internal-externc-isystem C:/Users/timbe/AppData/Local/Android/Sdk/ndk/28.2.13676358/toolchains/llvm/prebuilt/windows-x86_64/sysroot/usr/include/x86_64-linux-android -internal-externc-isystem C:/Users/timbe/AppData/Local/Android/Sdk/ndk/28.2.13676358/toolchains/llvm/prebuilt/windows-x86_64/sysroot/include -internal-externc-isystem C:/Users/timbe/AppData/Local/Android/Sdk/ndk/28.2.13676358/toolchains/llvm/prebuilt/windows-x86_64/sysroot/usr/include -O3 -Wformat -std=c++23 -fdeprecated-macro -ferror-limit 19 -femulated-tls -stack-protector 2 -fgnuc-version=4.2.1 -fno-implicit-modules -fskip-odr-check-in-gmf -fcxx-exceptions -fexceptions -vectorize-loops -vectorize-slp -D__GCC_HAVE_DWARF2_CFI_ASM=1 -o CMakeFiles/cmTC_7e342.dir/CMakeCXXCompilerABI.cpp.o -x c++ C:/Users/timbe/AppData/Local/Android/Sdk/cmake/3.22.1/share/cmake-3.22/Modules/CMakeCXXCompilerABI.cpp
error: unknown target CPU 'armv8-a+simd'
note: valid target CPU values are: nocona, core2, penryn, bonnell, atom, silvermont, slm, goldmont, goldmont-plus, tremont, nehalem, corei7, westmere, sandybridge, corei7-avx, ivybridge, core-avx-i, haswell, core-avx2, broadwell, skylake, skylake-avx512, skx, cascadelake, cooperlake, cannonlake, icelake-client, rocketlake, icelake-server, tigerlake, sapphirerapids, alderlake, raptorlake, meteorlake, arrowlake, arrowlake-s, lunarlake, gracemont, pantherlake, sierraforest, grandridge, graniterapids, graniterapids-d, emeraldrapids, clearwaterforest, knl, knm, k8, athlon64, athlon-fx, opteron, k8-sse3, athlon64-sse3, opteron-sse3, amdfam10, barcelona, btver1, btver2, bdver1, bdver2, bdver3, bdver4, znver1, znver2, znver3, znver4, x86-64, x86-64-v2, x86-64-v3, x86-64-v4
ninja: build stopped: subcommand failed.




Determining if the CXX compiler works failed with the following output:
Change Dir: C:/zerocopy-infer/android/AndroidProject/app/.cxx/Debug/20h1373m/x86_64/CMakeFiles/CMakeTmp

Run Build Command(s):C:\Users\timbe\AppData\Local\Android\Sdk\cmake\3.22.1\bin\ninja.exe cmTC_a82c4 && [1/2] Building CXX object CMakeFiles/cmTC_a82c4.dir/testCXXCompiler.cxx.o
FAILED: CMakeFiles/cmTC_a82c4.dir/testCXXCompiler.cxx.o 
C:\Users\timbe\AppData\Local\Android\Sdk\ndk\28.2.13676358\toolchains\llvm\prebuilt\windows-x86_64\bin\clang++.exe --target=x86_64-none-linux-android26 --sysroot=C:/Users/timbe/AppData/Local/Android/Sdk/ndk/28.2.13676358/toolchains/llvm/prebuilt/windows-x86_64/sysroot   -g -DANDROID -fdata-sections -ffunction-sections -funwind-tables -fstack-protector-strong -no-canonical-prefixes -D_FORTIFY_SOURCE=2 -Wformat -Werror=format-security  -std=c++23 -O3 -flto -march=armv8-a+simd  -fPIE -MD -MT CMakeFiles/cmTC_a82c4.dir/testCXXCompiler.cxx.o -MF CMakeFiles\cmTC_a82c4.dir\testCXXCompiler.cxx.o.d -o CMakeFiles/cmTC_a82c4.dir/testCXXCompiler.cxx.o -c C:/zerocopy-infer/android/AndroidProject/app/.cxx/Debug/20h1373m/x86_64/CMakeFiles/CMakeTmp/testCXXCompiler.cxx
error: unknown target CPU 'armv8-a+simd'
note: valid target CPU values are: nocona, core2, penryn, bonnell, atom, silvermont, slm, goldmont, goldmont-plus, tremont, nehalem, corei7, westmere, sandybridge, corei7-avx, ivybridge, core-avx-i, haswell, core-avx2, broadwell, skylake, skylake-avx512, skx, cascadelake, cooperlake, cannonlake, icelake-client, rocketlake, icelake-server, tigerlake, sapphirerapids, alderlake, raptorlake, meteorlake, arrowlake, arrowlake-s, lunarlake, gracemont, pantherlake, sierraforest, grandridge, graniterapids, graniterapids-d, emeraldrapids, clearwaterforest, knl, knm, k8, athlon64, athlon-fx, opteron, k8-sse3, athlon64-sse3, opteron-sse3, amdfam10, barcelona, btver1, btver2, bdver1, bdver2, bdver3, bdver4, znver1, znver2, znver3, znver4, x86-64, x86-64-v2, x86-64-v3, x86-64-v4
ninja: build stopped: subcommand failed.



